// Jest Snapshot v1, https://goo.gl/fbAQLP

exports[`MainContent should match snapshot 1`] = `
<MainWrapper
  transitionName="slide"
>
  <CSSTransitionGroup
    component={Symbol(react.fragment)}
    transitionAppear={true}
    transitionAppearTimeout={1000}
    transitionEnter={true}
    transitionEnterTimeout={500}
    transitionLeave={true}
    transitionLeaveTimeout={500}
    transitionName="slide"
  />
</MainWrapper>
`;
