// Jest Snapshot v1, https://goo.gl/fbAQLP

exports[`NavBarEntry should match snapshot 1`] = `
ShallowWrapper {
  Symbol(enzyme.__root__): [Circular],
  Symbol(enzyme.__unrendered__): <NavBarEntry
    entry="model"
    handleNavigation={[MockFunction]}
    index={5}
    isActive={false}
  />,
  Symbol(enzyme.__renderer__): Object {
    "batchedUpdates": [Function],
    "checkPropTypes": [Function],
    "getNode": [Function],
    "render": [Function],
    "simulateError": [Function],
    "simulateEvent": [Function],
    "unmount": [Function],
  },
  Symbol(enzyme.__node__): Object {
    "instance": null,
    "key": undefined,
    "nodeType": "function",
    "props": Object {
      "children": "Model",
      "isActive": false,
      "onClick": [Function],
    },
    "ref": null,
    "rendered": "Model",
    "type": Object {
      "$$typeof": Symbol(react.forward_ref),
      "attrs": Array [],
      "componentStyle": ComponentStyle {
        "componentId": "NavBarEntryWrapper-sc-1jim1v6-0",
        "isStatic": false,
        "rules": Array [
          "padding:1rem;border:0;border-top-width:4px;border-top-style:solid;border-top-color:",
          [Function],
          ";appearance:none;font-size:1rem;background:none;outline:none;",
        ],
      },
      "displayName": "NavBarEntryWrapper",
      "foldedComponentIds": Array [],
      "render": [Function],
      "styledComponentId": "NavBarEntryWrapper-sc-1jim1v6-0",
      "target": "button",
      "toString": [Function],
      "warnTooManyClasses": [Function],
      "withComponent": [Function],
    },
  },
  Symbol(enzyme.__nodes__): Array [
    Object {
      "instance": null,
      "key": undefined,
      "nodeType": "function",
      "props": Object {
        "children": "Model",
        "isActive": false,
        "onClick": [Function],
      },
      "ref": null,
      "rendered": "Model",
      "type": Object {
        "$$typeof": Symbol(react.forward_ref),
        "attrs": Array [],
        "componentStyle": ComponentStyle {
          "componentId": "NavBarEntryWrapper-sc-1jim1v6-0",
          "isStatic": false,
          "rules": Array [
            "padding:1rem;border:0;border-top-width:4px;border-top-style:solid;border-top-color:",
            [Function],
            ";appearance:none;font-size:1rem;background:none;outline:none;",
          ],
        },
        "displayName": "NavBarEntryWrapper",
        "foldedComponentIds": Array [],
        "render": [Function],
        "styledComponentId": "NavBarEntryWrapper-sc-1jim1v6-0",
        "target": "button",
        "toString": [Function],
        "warnTooManyClasses": [Function],
        "withComponent": [Function],
      },
    },
  ],
  Symbol(enzyme.__options__): Object {
    "adapter": ReactSixteenAdapter {
      "options": Object {
        "enableComponentDidUpdateOnSetState": true,
        "legacyContextMode": "parent",
        "lifecycles": Object {
          "componentDidUpdate": Object {
            "onSetState": true,
          },
          "getChildContext": Object {
            "calledByRenderer": false,
          },
          "getDerivedStateFromProps": true,
          "getSnapshotBeforeUpdate": true,
          "setState": Object {
            "skipsComponentDidUpdateOnNullish": true,
          },
        },
      },
    },
  },
}
`;
