// Jest Snapshot v1, https://goo.gl/fbAQLP

exports[`NavBar should match snapshot 1`] = `
<SlideYTransition
  transitionName="slide-vertically"
>
  <CSSTransitionGroup
    component={Symbol(react.fragment)}
    transitionAppear={true}
    transitionAppearTimeout={500}
    transitionEnter={false}
    transitionEnterTimeout={0}
    transitionLeave={true}
    transitionLeaveTimeout={500}
    transitionName="slide-vertically"
  >
    <NavBarWrapper
      reservedSpaceTop={5}
    >
      <Indicator
        height={5}
        offset={0}
        width="auto"
      />
      <NavBarList>
        <NavBarEntry
          activeElementRef={null}
          entry="branding"
          handleNavigation={[MockFunction]}
          index={0}
          isActive={false}
          key="0"
        />
        <NavBarEntry
          activeElementRef={
            Object {
              "current": null,
            }
          }
          entry="model"
          handleNavigation={[MockFunction]}
          index={1}
          isActive={true}
          key="1"
        />
        <NavBarEntry
          activeElementRef={null}
          entry="restarts"
          handleNavigation={[MockFunction]}
          index={2}
          isActive={false}
          key="2"
        />
        <NavBarEntry
          activeElementRef={null}
          entry="technology"
          handleNavigation={[MockFunction]}
          index={3}
          isActive={false}
          key="3"
        />
      </NavBarList>
    </NavBarWrapper>
  </CSSTransitionGroup>
</SlideYTransition>
`;
