// Jest Snapshot v1, https://goo.gl/fbAQLP

exports[`AppContainer should match snapshot 1`] = `
<App
  boxData={Object {}}
  componentsToShow={
    Array [
      "branding",
      "firmware",
      "model",
      "restarts",
      "technology",
      "runtime",
      "age",
    ]
  }
  isUpdating={true}
  isValid={true}
/>
`;
